4 2 7 5
11 1 1 4
4 2 6 11
1 2 2 4
10 5 2 8
1 1 9 4
11 1 1 9
10 4 8 8
7 11 8 7
7 5 5 9
