                                    2024 年第 4 季度
=====================================================================================
       2024 年 10 月                2024 年 11 月                2024 年 12 月       
===========================  ===========================  ===========================
Sun Mon Tue Wed Thu Fri Sat  Sun Mon Tue Wed Thu Fri Sat  Sun Mon Tue Wed Thu Fri Sat
          1   2   3   4   5                        1   2    1   2   3   4   5   6   7  
  6   7   8   9  10  11  12    3   4   5   6   7   8   9    8   9  10  11  12  13  14  
 13  14  15  16  17  18  19   10  11  12  13  14  15  16   15  16  17  18  19  20  21  
 20  21  22  23  24  25  26   17  18  19  20  21  22  23   22  23  24  25  26  27  28  
 27  28  29  30  31           24  25  26  27  28  29  30   29  30  31                  
=====================================================================================

