Hand: [('Q', 'H'), ('Q', 'D'), ('4', 'H'), ('6', 'D'), ('2', 'S'), ('5', 'S'), ('T', 'C'), ('9', 'C'), ('T', 'H'), ('3', 'S'), ('9', 'D'), ('2', 'C'), ('5', 'H')]
Total Point: 4
