[7, 3, 10, 10] (True, [7, 3, 10, 10, '+', '-', '-'])
[3, 5, 6, 6] (True, [3, 5, '-', 6, '+', 6, '*'])
[7, 10, 6, 2] False
[2, 8, 6, 3] False
[5, 4, 2, 8] (True, [5, 4, '-', 2, '+', 8, '*'])
[6, 8, 5, 4] False
[2, 8, 4, 11] (True, [2, 8, 4, '/', 11, '*', '+'])
[4, 5, 10, 9] (True, [4, 5, 10, '+', 9, '-', '*'])
[3, 8, 5, 1] False
[1, 4, 2, 5] False
