                                    2024 年第 3 季度
=====================================================================================
       2024 年  7 月                2024 年  8 月                2024 年  9 月       
===========================  ===========================  ===========================
Sun Mon Tue Wed Thu Fri Sat  Sun Mon Tue Wed Thu Fri Sat  Sun Mon Tue Wed Thu Fri Sat
      1   2   3   4   5   6                    1   2   3    1   2   3   4   5   6   7  
  7   8   9  10  11  12  13    4   5   6   7   8   9  10    8   9  10  11  12  13  14  
 14  15  16  17  18  19  20   11  12  13  14  15  16  17   15  16  17  18  19  20  21  
 21  22  23  24  25  26  27   18  19  20  21  22  23  24   22  23  24  25  26  27  28  
 28  29  30  31               25  26  27  28  29  30  31   29  30                      
=====================================================================================

