                                    2024 年第 1 季度
=====================================================================================
       2024 年  1 月                2024 年  2 月                2024 年  3 月       
===========================  ===========================  ===========================
Sun Mon Tue Wed Thu Fri Sat  Sun Mon Tue Wed Thu Fri Sat  Sun Mon Tue Wed Thu Fri Sat
      1   2   3   4   5   6                    1   2   3                        1   2  
  7   8   9  10  11  12  13    4   5   6   7   8   9  10    3   4   5   6   7   8   9  
 14  15  16  17  18  19  20   11  12  13  14  15  16  17   10  11  12  13  14  15  16  
 21  22  23  24  25  26  27   18  19  20  21  22  23  24   17  18  19  20  21  22  23  
 28  29  30  31               25  26  27  28  29           24  25  26  27  28  29  30  
                                                           31                          
=====================================================================================

