86
73
[18, 43, 41]
[20, 19, 13, 16, 16]
[30, 30, 30, 22, 20, 24, 25, 26, 30, 23]
46
17
[28, 73, 30]
[17, 18, 16, 16, 12]
[24, 28, 27, 30, 22, 21, 28, 25, 30, 29]
44
4
[5, 95, 49]
[14, 18, 10, 17, 19]
[26, 28, 25, 28, 20, 25, 20, 30, 22, 28]
20
89
[55, 86, 69]
[11, 18, 15, 11, 20]
[24, 26, 20, 28, 28, 25, 24, 27, 30, 29]
68
39
[74, 19, 46]
[13, 17, 14, 18, 16]
[22, 25, 29, 29, 29, 29, 25, 24, 25, 21]
54
36
[58, 67, 60]
[12, 17, 17, 12, 18]
[24, 27, 24, 29, 24, 24, 28, 29, 20, 23]
37
68
[47, 72, 89]
[18, 18, 13, 13, 11]
[28, 29, 29, 23, 20, 25, 27, 29, 26, 21]
59
85
[98, 31, 11]
[10, 12, 12, 17, 17]
[26, 28, 23, 20, 22, 22, 27, 24, 28, 30]
53
19
[88, 15, 15]
[18, 16, 15, 16, 16]
[20, 24, 24, 20, 26, 25, 30, 30, 23, 24]
9
24
[78, 77, 4]
[15, 12, 16, 18, 15]
[26, 21, 29, 22, 20, 26, 20, 29, 20, 27]
31
64
[18, 51, 66]
[19, 12, 19, 13, 10]
[22, 30, 29, 21, 29, 22, 25, 20, 21, 30]
